---
source: crates/treelint-tests/tests/integration_test.rs
expression: sorted_output
snapshot_kind: text
---
{
  "files": [
    {
      "duration": 0.0,
      "file_path": "clean_example.py",
      "language": "Python",
      "status": "Ok",
      "violations": []
    },
    {
      "duration": 0.0,
      "file_path": "os_getenv_violations.py",
      "language": "Python",
      "status": "Error",
      "violations": [
        {
          "column": 8,
          "line": 6,
          "lint_id": "PY003",
          "lint_name": "no-os-getenv",
          "message": "Use config module instead of os.getenv"
        },
        {
          "column": 8,
          "line": 7,
          "lint_id": "PY003",
          "lint_name": "no-os-getenv",
          "message": "Use config module instead of os.getenv"
        },
        {
          "column": 10,
          "line": 8,
          "lint_id": "PY003",
          "lint_name": "no-os-getenv",
          "message": "Use config module instead of os.getenv"
        }
      ]
    },
    {
      "duration": 0.0,
      "file_path": "sys_path_violations.py",
      "language": "Python",
      "status": "Error",
      "violations": [
        {
          "column": 1,
          "line": 6,
          "lint_id": "PY002",
          "lint_name": "no-sys-path-modification",
          "message": "sys.path.append modifies sys.path"
        },
        {
          "column": 1,
          "line": 9,
          "lint_id": "PY002",
          "lint_name": "no-sys-path-modification",
          "message": "sys.path.insert modifies sys.path"
        },
        {
          "column": 1,
          "line": 15,
          "lint_id": "PY002",
          "lint_name": "no-sys-path-modification",
          "message": "Direct assignment to sys.path"
        }
      ]
    },
    {
      "duration": 0.0,
      "file_path": "test_example.py",
      "language": "Python",
      "status": "Error",
      "violations": [
        {
          "column": 5,
          "line": 5,
          "lint_id": "PY001",
          "lint_name": "no-try-catch",
          "message": "Disallow try/except statements"
        }
      ]
    }
  ],
  "statistics": {
    "files_scanned": 4,
    "files_skipped": 0,
    "files_with_violations": 3,
    "total_duration_ms": 0.0,
    "total_files": 4,
    "total_violations": 7
  }
}
